
Epoch 1

Training: 100%|██████████| 17616/17616 [3:47:55<00:00,  1.58it/s, loss=0.043]
                                                                             
Validation: 100%|█████████▉| 728/731 [35:48<00:05,  1.83s/it, mae=72.5]
Validation: 100%|█████████▉| 729/731 [35:48<00:07,  3.99s/it, mae=72.5]
Validation: 100%|█████████▉| 729/731 [35:49<00:07,  3.99s/it, mae=72.5]
Validation: 100%|█████████▉| 730/731 [35:49<00:02,  2.98s/it, mae=72.5]/Home/Users/celachkar/.conda/envs/conda-env2/lib/python3.8/site-packages/torch/nn/modules/loss.py:928: UserWarning: Using a target size (torch.Size([1])) that is different to the input size (torch.Size([])). This will likely lead to incorrect results due to broadcasting. Please ensure they have the same size.
  return F.smooth_l1_loss(input, target, reduction=self.reduction, beta=self.beta)

Validation: 100%|█████████▉| 730/731 [35:49<00:02,  2.98s/it, mae=72.5]
Validation: 100%|██████████| 731/731 [35:49<00:00,  2.14s/it, mae=72.5]
                                                                       
Train Loss: 0.444591 | Val MAE (µm): 52.1374
✓ Best model saved

Epoch 2

Training:   0%|          | 0/17616 [00:00<?, ?it/s]
Training:   0%|          | 0/17616 [00:03<?, ?it/s, loss=0.333]
Training: 100%|█████████▉| 17615/17616 [3:47:15<00:00,  1.61it/s, loss=0.901]
Training: 100%|█████████▉| 17615/17616 [3:47:16<00:00,  1.61it/s, loss=0.66] 
Training: 100%|██████████| 17616/17616 [3:47:16<00:00,  2.09it/s, loss=0.66]
                                                                            

Validation:   0%|          | 0/731 [00:00<?, ?it/s]
Validation:   0%|          | 0/731 [00:13<?, ?it/s, mae=40.7]
Validation: 100%|█████████▉| 730/731 [34:56<00:02,  2.97s/it, mae=72.2]
Validation: 100%|██████████| 731/731 [34:56<00:00,  2.13s/it, mae=72.2]
                                                                       
Train Loss: 0.442857 | Val MAE (µm): 51.7953
✓ Best model saved

Epoch 3

Training:   0%|          | 0/17616 [00:00<?, ?it/s]
Training:   0%|          | 0/17616 [00:03<?, ?it/s, loss=0.286]
Training: 100%|█████████▉| 17615/17616 [3:46:39<00:00,  1.27it/s, loss=0.493]
Training: 100%|██████████| 17616/17616 [3:46:39<00:00,  1.67it/s, loss=0.493]
                                                                             

Validation:   0%|          | 0/731 [00:00<?, ?it/s]
Validation:   0%|          | 0/731 [00:13<?, ?it/s, mae=39]
Validation: 100%|█████████▉| 730/731 [35:10<00:02,  2.94s/it, mae=70.4]
Validation: 100%|██████████| 731/731 [35:10<00:00,  2.11s/it, mae=70.4]
                                                                       
Train Loss: 0.442906 | Val MAE (µm): 50.0541
✓ Best model saved

Epoch 4

Training:   0%|          | 0/17616 [00:00<?, ?it/s]
Training:   0%|          | 0/17616 [00:03<?, ?it/s, loss=0.529]
Training: 100%|█████████▉| 17615/17616 [3:48:57<00:01,  1.06s/it, loss=0.196]
Training: 100%|██████████| 17616/17616 [3:48:57<00:00,  1.27it/s, loss=0.196]
                                                                             

Validation:   0%|          | 0/731 [00:00<?, ?it/s]
Validation:   0%|          | 0/731 [00:12<?, ?it/s, mae=40]
Validation: 100%|█████████▉| 730/731 [35:23<00:01,  1.82s/it, mae=71.4]
Validation: 100%|█████████▉| 730/731 [35:23<00:01,  1.82s/it, mae=71.4]
Validation: 100%|██████████| 731/731 [35:23<00:00,  1.34s/it, mae=71.4]
                                                                       
Train Loss: 0.442995 | Val MAE (µm): 51.0383

Epoch 5

Training:   0%|          | 0/17616 [00:00<?, ?it/s]
Training:   0%|          | 0/17616 [00:03<?, ?it/s, loss=0.49]
Training: 100%|█████████▉| 17615/17616 [3:49:16<00:00,  1.53it/s, loss=0.422]
Training: 100%|█████████▉| 17615/17616 [3:49:16<00:00,  1.53it/s, loss=0.665]
Training: 100%|██████████| 17616/17616 [3:49:16<00:00,  1.99it/s, loss=0.665]
                                                                             

Validation:   0%|          | 0/731 [00:00<?, ?it/s]
Validation:   0%|          | 0/731 [00:13<?, ?it/s, mae=41.5]
Validation: 100%|█████████▉| 730/731 [35:25<00:02,  2.92s/it, mae=72.9]
Validation: 100%|█████████▉| 730/731 [35:25<00:02,  2.92s/it, mae=72.9]
Validation: 100%|██████████| 731/731 [35:25<00:00,  2.10s/it, mae=72.9]
                                                                       
Train Loss: 0.443020 | Val MAE (µm): 52.5192

Epoch 6

Training:   0%|          | 0/17616 [00:00<?, ?it/s]
Training:   0%|          | 0/17616 [00:03<?, ?it/s, loss=0.306]
Training:   0%|          | 1/17616 [00:03<18:05:28,  3.70s/it, loss=0.306]
Training: 100%|█████████▉| 17615/17616 [3:53:28<00:00,  1.21it/s, loss=0.632]
Training: 100%|█████████▉| 17615/17616 [3:53:28<00:00,  1.21it/s, loss=0.635]
Training: 100%|██████████| 17616/17616 [3:53:28<00:00,  1.61it/s, loss=0.635]
                                                                             

Validation:   0%|          | 0/731 [00:00<?, ?it/s]
Validation:   0%|          | 0/731 [00:13<?, ?it/s, mae=40.9]
Validation: 100%|█████████▉| 730/731 [35:06<00:03,  3.55s/it, mae=72.4]
Validation: 100%|██████████| 731/731 [35:06<00:00,  2.53s/it, mae=72.4]
                                                                       
Train Loss: 0.442722 | Val MAE (µm): 51.9780

Epoch 7

Training:   0%|          | 0/17616 [00:00<?, ?it/s]
Training:   0%|          | 0/17616 [00:03<?, ?it/s, loss=1.12]
Training:   0%|          | 1/17616 [00:03<18:42:32,  3.82s/it, loss=1.12]
Training: 100%|█████████▉| 17615/17616 [3:49:20<00:00,  1.13it/s, loss=0.156]
Training: 100%|██████████| 17616/17616 [3:49:20<00:00,  1.51it/s, loss=0.156]
                                                                             

Validation:   0%|          | 0/731 [00:00<?, ?it/s]
Validation:   0%|          | 0/731 [00:13<?, ?it/s, mae=41]
Validation:   0%|          | 1/731 [00:13<2:44:29, 13.52s/it, mae=41]
Validation: 100%|█████████▉| 730/731 [35:16<00:03,  3.06s/it, mae=72.5]
Validation: 100%|██████████| 731/731 [35:16<00:00,  2.19s/it, mae=72.5]
                                                                       
Train Loss: 0.442836 | Val MAE (µm): 52.1007

Epoch 8

Training:   0%|          | 0/17616 [00:00<?, ?it/s]
Training:   0%|          | 0/17616 [00:03<?, ?it/s, loss=0.0827]
Training:   0%|          | 1/17616 [00:03<18:39:22,  3.81s/it, loss=0.0827]
Training: 100%|█████████▉| 17615/17616 [3:49:25<00:00,  1.60it/s, loss=0.324]
Training: 100%|██████████| 17616/17616 [3:49:25<00:00,  2.07it/s, loss=0.324]
                                                                             

Validation:   0%|          | 0/731 [00:00<?, ?it/s]
Validation:   0%|          | 0/731 [00:13<?, ?it/s, mae=41]
Validation: 100%|█████████▉| 730/731 [35:19<00:02,  2.98s/it, mae=72.4]
Validation: 100%|██████████| 731/731 [35:19<00:00,  2.14s/it, mae=72.4]
                                                                       
Train Loss: 0.442504 | Val MAE (µm): 52.0272

Epoch 9

Training:   0%|          | 0/17616 [00:00<?, ?it/s]
Training:   0%|          | 0/17616 [00:03<?, ?it/s, loss=0.593]
Training: 100%|█████████▉| 17615/17616 [3:53:32<00:01,  1.17s/it, loss=0.308]
Training: 100%|██████████| 17616/17616 [3:53:32<00:00,  1.13it/s, loss=0.308]
                                                                             

Validation:   0%|          | 0/731 [00:00<?, ?it/s]
Validation:   0%|          | 0/731 [00:13<?, ?it/s, mae=41]
Validation:   0%|          | 1/731 [00:13<2:45:33, 13.61s/it, mae=41]
Validation: 100%|█████████▉| 730/731 [35:52<00:03,  3.16s/it, mae=72.4]
Validation: 100%|█████████▉| 730/731 [35:53<00:03,  3.16s/it, mae=72.4]
Validation: 100%|██████████| 731/731 [35:53<00:00,  2.26s/it, mae=72.4]
                                                                       
Train Loss: 0.442512 | Val MAE (µm): 52.0235

Epoch 10

Training:   0%|          | 0/17616 [00:00<?, ?it/s]
Training:   0%|          | 0/17616 [00:03<?, ?it/s, loss=1.1]
Training:   0%|          | 1/17616 [00:03<18:26:50,  3.77s/it, loss=1.1]
Training: 100%|█████████▉| 17615/17616 [4:01:05<00:00,  1.43it/s, loss=0.111]
Training: 100%|██████████| 17616/17616 [4:01:05<00:00,  1.29it/s, loss=0.111]
                                                                             

Validation:   0%|          | 0/731 [00:00<?, ?it/s]
Validation:   0%|          | 0/731 [00:13<?, ?it/s, mae=16.7]
Validation: 100%|█████████▉| 730/731 [35:10<00:03,  3.01s/it, mae=48.2]
Validation: 100%|█████████▉| 730/731 [35:10<00:03,  3.01s/it, mae=48.4]
Validation: 100%|██████████| 731/731 [35:10<00:00,  2.15s/it, mae=48.4]
                                                                       
Train Loss: 0.414059 | Val MAE (µm): 27.7811
✓ Best model saved

Epoch 11

Training:   0%|          | 0/17616 [00:00<?, ?it/s]
Training:   0%|          | 0/17616 [00:03<?, ?it/s, loss=0.104]
Training:   0%|          | 1/17616 [00:03<18:26:47,  3.77s/it, loss=0.104]
Training: 100%|█████████▉| 17615/17616 [3:54:38<00:00,  1.57it/s, loss=0.3]  
Training: 100%|██████████| 17616/17616 [3:54:38<00:00,  1.36it/s, loss=0.3]
                                                                           

Validation:   0%|          | 0/731 [00:00<?, ?it/s]
Validation:   0%|          | 0/731 [00:13<?, ?it/s, mae=17.2]
Validation:   0%|          | 1/731 [00:13<2:45:06, 13.57s/it, mae=17.2]
Validation: 100%|█████████▉| 730/731 [35:20<00:02,  2.96s/it, mae=56.2]
Validation: 100%|█████████▉| 730/731 [35:20<00:02,  2.96s/it, mae=58.3]
Validation: 100%|██████████| 731/731 [35:20<00:00,  2.12s/it, mae=58.3]
                                                                       
Train Loss: 0.260989 | Val MAE (µm): 26.8720
✓ Best model saved

Epoch 12

Training:   0%|          | 0/17616 [00:00<?, ?it/s]
Training:   0%|          | 0/17616 [00:03<?, ?it/s, loss=0.0943]
Training:   0%|          | 1/17616 [00:03<17:25:43,  3.56s/it, loss=0.0943]
Training: 100%|█████████▉| 17615/17616 [3:53:13<00:00,  1.22it/s, loss=0.0224]
Training: 100%|█████████▉| 17615/17616 [3:53:14<00:00,  1.22it/s, loss=0.00173]
Training: 100%|██████████| 17616/17616 [3:53:14<00:00,  1.62it/s, loss=0.00173]
                                                                               

Validation:   0%|          | 0/731 [00:00<?, ?it/s]
Validation:   0%|          | 0/731 [00:12<?, ?it/s, mae=7.92]
Validation: 100%|█████████▉| 730/731 [35:19<00:02,  2.99s/it, mae=43.6]
Validation: 100%|██████████| 731/731 [35:19<00:00,  2.14s/it, mae=43.6]
                                                                       
Train Loss: 0.137421 | Val MAE (µm): 18.7451
✓ Best model saved

Epoch 13

Training:   0%|          | 0/17616 [00:00<?, ?it/s]
Training:   0%|          | 0/17616 [00:03<?, ?it/s, loss=0.0635]
Training: 100%|█████████▉| 17615/17616 [3:52:34<00:00,  2.01it/s, loss=0.179] 
Training: 100%|██████████| 17616/17616 [3:52:34<00:00,  1.22it/s, loss=0.179]
                                                                             

Validation:   0%|          | 0/731 [00:00<?, ?it/s]
Validation:   0%|          | 0/731 [00:13<?, ?it/s, mae=10]
Validation: 100%|█████████▉| 730/731 [35:18<00:02,  2.96s/it, mae=55.7]
Validation: 100%|██████████| 731/731 [35:18<00:00,  2.12s/it, mae=55.7]
                                                                       
Train Loss: 0.074538 | Val MAE (µm): 19.2968

Epoch 14

Training:   0%|          | 0/17616 [00:00<?, ?it/s]
Training:   0%|          | 0/17616 [00:03<?, ?it/s, loss=0.0113]
Training:   0%|          | 1/17616 [00:03<18:06:34,  3.70s/it, loss=0.0113]
Training: 100%|█████████▉| 17615/17616 [3:48:08<00:00,  1.61it/s, loss=0.014]
Training: 100%|█████████▉| 17615/17616 [3:48:08<00:00,  1.61it/s, loss=0.0445]
Training: 100%|██████████| 17616/17616 [3:48:08<00:00,  2.09it/s, loss=0.0445]
                                                                              

Validation:   0%|          | 0/731 [00:00<?, ?it/s]
Validation:   0%|          | 0/731 [00:12<?, ?it/s, mae=5.42]
Validation: 100%|█████████▉| 730/731 [35:13<00:02,  2.95s/it, mae=45.7]
Validation: 100%|██████████| 731/731 [35:13<00:00,  2.11s/it, mae=45.7]
                                                                       
Train Loss: 0.052145 | Val MAE (µm): 17.4222
✓ Best model saved

Epoch 15

Training:   0%|          | 0/17616 [00:00<?, ?it/s]
Training:   0%|          | 0/17616 [00:03<?, ?it/s, loss=0.0592]
Training: 100%|█████████▉| 17615/17616 [3:53:19<00:00,  1.21it/s, loss=0.035]
Training: 100%|█████████▉| 17615/17616 [3:53:19<00:00,  1.21it/s, loss=0.0421]
Training: 100%|██████████| 17616/17616 [3:53:19<00:00,  1.60it/s, loss=0.0421]
                                                                              

Validation:   0%|          | 0/731 [00:00<?, ?it/s]
Validation:   0%|          | 0/731 [00:13<?, ?it/s, mae=4.79]
Validation: 100%|█████████▉| 730/731 [35:20<00:03,  3.17s/it, mae=46.6]
Validation: 100%|█████████▉| 730/731 [35:20<00:03,  3.17s/it, mae=47.9]
Validation: 100%|██████████| 731/731 [35:20<00:00,  2.27s/it, mae=47.9]
                                                                       
Train Loss: 0.040279 | Val MAE (µm): 17.1030
✓ Best model saved

Epoch 16

Training:   0%|          | 0/17616 [00:00<?, ?it/s]
Training:   0%|          | 0/17616 [00:03<?, ?it/s, loss=0.0446]
Training:   0%|          | 1/17616 [00:03<18:57:38,  3.88s/it, loss=0.0446]
Training: 100%|█████████▉| 17615/17616 [3:53:04<00:00,  1.99it/s, loss=0.0171]
Training: 100%|█████████▉| 17615/17616 [3:53:05<00:00,  1.99it/s, loss=0.00413]
Training: 100%|██████████| 17616/17616 [3:53:05<00:00,  1.21it/s, loss=0.00413]
                                                                               

Validation:   0%|          | 0/731 [00:00<?, ?it/s]
Validation:   0%|          | 0/731 [00:12<?, ?it/s, mae=4.12]
Validation: 100%|█████████▉| 730/731 [34:59<00:02,  2.91s/it, mae=44]  
Validation: 100%|██████████| 731/731 [34:59<00:00,  2.09s/it, mae=44]
                                                                     
Train Loss: 0.032657 | Val MAE (µm): 16.6271
✓ Best model saved

Epoch 17

Training:   0%|          | 0/17616 [00:00<?, ?it/s]
Training:   0%|          | 0/17616 [00:03<?, ?it/s, loss=0.0101]
Training: 100%|█████████▉| 17615/17616 [3:53:42<00:00,  1.97it/s, loss=0.0124]
Training: 100%|█████████▉| 17615/17616 [3:53:43<00:00,  1.97it/s, loss=0.00231]
Training: 100%|██████████| 17616/17616 [3:53:43<00:00,  1.22it/s, loss=0.00231]
                                                                               

Validation:   0%|          | 0/731 [00:00<?, ?it/s]
Validation:   0%|          | 0/731 [00:12<?, ?it/s, mae=1.55]
Validation: 100%|█████████▉| 729/731 [35:06<00:07,  3.99s/it, mae=47.5]
Validation: 100%|█████████▉| 730/731 [35:06<00:02,  2.98s/it, mae=47.5]
Validation: 100%|█████████▉| 730/731 [35:06<00:02,  2.98s/it, mae=45.6]
Validation: 100%|██████████| 731/731 [35:06<00:00,  2.13s/it, mae=45.6]
                                                                       
Train Loss: 0.029193 | Val MAE (µm): 13.9891
✓ Best model saved

Epoch 18

Training:   0%|          | 0/17616 [00:00<?, ?it/s]
Training:   0%|          | 0/17616 [00:03<?, ?it/s, loss=0.00887]
Training: 100%|█████████▉| 17615/17616 [3:53:45<00:01,  1.08s/it, loss=0.0296]
Training: 100%|██████████| 17616/17616 [3:53:45<00:00,  1.25it/s, loss=0.0296]
                                                                              

Validation:   0%|          | 0/731 [00:00<?, ?it/s]
Validation:   0%|          | 0/731 [00:12<?, ?it/s, mae=3.59]
Validation: 100%|█████████▉| 730/731 [35:27<00:02,  2.95s/it, mae=44.1]
Validation: 100%|█████████▉| 730/731 [35:28<00:02,  2.95s/it, mae=47.8]
Validation: 100%|██████████| 731/731 [35:28<00:00,  2.11s/it, mae=47.8]
                                                                       
Train Loss: 0.025417 | Val MAE (µm): 15.3378

Epoch 19

Training:   0%|          | 0/17616 [00:00<?, ?it/s]
Training: 100%|█████████▉| 17615/17616 [3:49:24<00:01,  1.06s/it, loss=0.00681]
Training: 100%|█████████▉| 17615/17616 [3:49:24<00:01,  1.06s/it, loss=0.00908]
Training: 100%|██████████| 17616/17616 [3:49:24<00:00,  1.27it/s, loss=0.00908]
                                                                               

Validation:   0%|          | 0/731 [00:00<?, ?it/s]
Validation:   0%|          | 0/731 [00:13<?, ?it/s, mae=3.52]
Validation: 100%|█████████▉| 730/731 [34:56<00:03,  3.13s/it, mae=40.6]
Validation: 100%|█████████▉| 730/731 [34:56<00:03,  3.13s/it, mae=43.7]
Validation: 100%|██████████| 731/731 [34:56<00:00,  2.24s/it, mae=43.7]
                                                                       
Train Loss: 0.023558 | Val MAE (µm): 15.1103

Epoch 20

Training:   0%|          | 0/17616 [00:00<?, ?it/s]
Training:   0%|          | 0/17616 [00:03<?, ?it/s, loss=0.0189]
Training: 100%|█████████▉| 17615/17616 [3:52:36<00:01,  1.06s/it, loss=0.0146] 
Training: 100%|██████████| 17616/17616 [3:52:36<00:00,  1.28it/s, loss=0.0146]
                                                                              

Validation:   0%|          | 0/731 [00:00<?, ?it/s]
Validation:   0%|          | 0/731 [00:13<?, ?it/s, mae=2.49]
Validation: 100%|█████████▉| 730/731 [34:57<00:02,  2.94s/it, mae=54.2]
Validation: 100%|█████████▉| 730/731 [34:57<00:02,  2.94s/it, mae=55.4]
Validation: 100%|██████████| 731/731 [34:57<00:00,  2.11s/it, mae=55.4]
                                                                       
Train Loss: 0.021644 | Val MAE (µm): 15.6367

Epoch 21

Training: 100%|█████████▉| 17615/17616 [3:52:26<00:01,  1.08s/it, loss=0.0383]
Training: 100%|█████████▉| 17615/17616 [3:52:27<00:01,  1.08s/it, loss=0.000136]
Training: 100%|██████████| 17616/17616 [3:52:27<00:00,  1.25it/s, loss=0.000136]
                                                                                

Validation:   0%|          | 0/731 [00:00<?, ?it/s]
Validation:   0%|          | 0/731 [00:13<?, ?it/s, mae=1.4]
Validation: 100%|█████████▉| 730/731 [35:04<00:02,  2.95s/it, mae=53.3]
Validation: 100%|██████████| 731/731 [35:04<00:00,  2.11s/it, mae=53.3]
                                                                       
Train Loss: 0.022258 | Val MAE (µm): 14.1009

Epoch 22

Training:   0%|          | 0/17616 [00:00<?, ?it/s]
Training:   0%|          | 0/17616 [00:03<?, ?it/s, loss=0.011]
Training: 100%|█████████▉| 17614/17616 [3:48:26<00:02,  1.01s/it, loss=0.00793]
Training: 100%|█████████▉| 17615/17616 [3:48:26<00:00,  1.20it/s, loss=0.00793]
Training: 100%|█████████▉| 17615/17616 [3:48:26<00:00,  1.20it/s, loss=0.00876]
Training: 100%|██████████| 17616/17616 [3:48:26<00:00,  1.59it/s, loss=0.00876]
                                                                               

Validation:   0%|          | 0/731 [00:00<?, ?it/s]
Validation: 100%|█████████▉| 729/731 [35:06<00:05,  2.59s/it, mae=47.4]
Validation: 100%|█████████▉| 730/731 [35:06<00:03,  3.51s/it, mae=47.4]
Validation: 100%|█████████▉| 730/731 [35:06<00:03,  3.51s/it, mae=50.5]
Validation: 100%|██████████| 731/731 [35:06<00:00,  2.51s/it, mae=50.5]
                                                                       
Train Loss: 0.015675 | Val MAE (µm): 14.2426

Epoch 23

Training: 100%|█████████▉| 17615/17616 [3:48:52<00:00,  1.22it/s, loss=0.00673]
Training: 100%|█████████▉| 17615/17616 [3:48:52<00:00,  1.22it/s, loss=0.00412]
Training: 100%|██████████| 17616/17616 [3:48:52<00:00,  1.62it/s, loss=0.00412]
                                                                               

Validation:   0%|          | 0/731 [00:00<?, ?it/s]
Validation: 100%|█████████▉| 729/731 [35:09<00:06,  3.30s/it, mae=52.2]
Validation: 100%|█████████▉| 730/731 [35:09<00:03,  3.21s/it, mae=52.2]
Validation: 100%|█████████▉| 730/731 [35:09<00:03,  3.21s/it, mae=51.5]
Validation: 100%|██████████| 731/731 [35:09<00:00,  2.30s/it, mae=51.5]
                                                                       
Train Loss: 0.014626 | Val MAE (µm): 16.3444