
Epoch 1

Training:   0%|          | 0/16250 [00:00<?, ?it/s]

Training: 100%|██████████| 16250/16250 [3:28:24<00:00,  1.59it/s, loss=0.146]
                                                                             

Validation:   0%|          | 0/1413 [00:00<?, ?it/s]

Training: 100%|██████████| 16250/16250 [3:30:14<00:00,  1.26it/s, loss=0.104]
                                                                             

Validation:   0%|          | 0/1413 [00:00<?, ?it/s]

Validation: 100%|██████████| 1413/1413 [1:08:11<00:00,  2.38s/it, mae=4.77]
                                                                           
Train Loss: 0.126560 | Val MAE (µm): 9.3463
✓ Best model saved

Epoch 3

Training:   0%|          | 0/16250 [00:00<?, ?it/s]


Training: 100%|██████████| 16250/16250 [3:33:53<00:00,  1.75it/s, loss=0.0485]
                                                                              

Validation:   0%|          | 0/1413 [00:00<?, ?it/s]
Validation: 100%|██████████| 1413/1413 [1:08:31<00:00,  3.61s/it, mae=23.4]
                                                                           
Train Loss: 0.086738 | Val MAE (µm): 22.9869

Epoch 4

Training:   0%|          | 0/16250 [00:00<?, ?it/s]

Training: 100%|██████████| 16250/16250 [3:34:49<00:00,  1.59it/s, loss=0.014]
                                                                             

Validation:   0%|          | 0/1413 [00:00<?, ?it/s]

Validation: 100%|██████████| 1413/1413 [1:08:16<00:00,  1.79s/it, mae=6.52]
                                                                           
Train Loss: 0.057350 | Val MAE (µm): 5.8854
✓ Best model saved

Epoch 5

Training:   0%|          | 0/16250 [00:00<?, ?it/s]
Training: 100%|██████████| 16250/16250 [3:34:40<00:00,  1.22it/s, loss=0.0143]
                                                                              

Validation:   0%|          | 0/1413 [00:00<?, ?it/s]
Validation: 100%|██████████| 1413/1413 [1:08:22<00:00,  3.99s/it, mae=3.84]
                                                                           
Train Loss: 0.036628 | Val MAE (µm): 7.0290

Epoch 6

Training:   0%|          | 0/16250 [00:00<?, ?it/s]
Training: 100%|██████████| 16250/16250 [3:34:50<00:00,  1.01s/it, loss=0.00338]
                                                                               

Validation:   0%|          | 0/1413 [00:00<?, ?it/s]
Validation: 100%|██████████| 1413/1413 [1:08:31<00:00,  3.96s/it, mae=4.22]
                                                                           
Train Loss: 0.031257 | Val MAE (µm): 4.2771
✓ Best model saved

Epoch 7

Training:   0%|          | 0/16250 [00:00<?, ?it/s]
Training: 100%|██████████| 16250/16250 [3:34:10<00:00,  1.99it/s, loss=0.0461]
                                                                              

Validation:   0%|          | 0/1413 [00:00<?, ?it/s]
Validation: 100%|██████████| 1413/1413 [1:08:38<00:00,  2.27s/it, mae=3.69]
                                                                           
Train Loss: 0.024115 | Val MAE (µm): 6.5167

Epoch 8

Training:   0%|          | 0/16250 [00:00<?, ?it/s]
Training: 100%|██████████| 16250/16250 [3:35:04<00:00,  1.00s/it, loss=0.017]
                                                                             

Validation:   0%|          | 0/1413 [00:00<?, ?it/s]
Validation: 100%|██████████| 1413/1413 [1:08:35<00:00,  3.61s/it, mae=3.69]
                                                                           
Train Loss: 0.021339 | Val MAE (µm): 5.1954

Epoch 9

Training:   0%|          | 0/16250 [00:00<?, ?it/s]
Training: 100%|██████████| 16250/16250 [3:37:42<00:00,  1.06it/s, loss=0.000905]
                                                                                

Validation:   0%|          | 0/1413 [00:00<?, ?it/s]
Validation: 100%|██████████| 1413/1413 [1:09:10<00:00,  1.83s/it, mae=5.04]
                                                                           
Train Loss: 0.018116 | Val MAE (µm): 10.7886

Epoch 10

Training:   0%|          | 0/16250 [00:00<?, ?it/s]
Training: 100%|██████████| 16250/16250 [3:38:29<00:00,  1.57it/s, loss=0.00928]
                                                                               

Validation:   0%|          | 0/1413 [00:00<?, ?it/s]
Validation: 100%|██████████| 1413/1413 [1:09:30<00:00,  3.96s/it, mae=4.5]
                                                                          
Train Loss: 0.016477 | Val MAE (µm): 4.7653

Epoch 11

Training:   0%|          | 0/16250 [00:00<?, ?it/s]
Training: 100%|██████████| 16250/16250 [3:38:15<00:00,  1.48it/s, loss=0.0134]
                                                                              

Validation:   0%|          | 0/1413 [00:00<?, ?it/s]
Validation: 100%|██████████| 1413/1413 [1:08:55<00:00,  1.88s/it, mae=2.56]
                                                                           
Train Loss: 0.010484 | Val MAE (µm): 5.6798

Epoch 12

Training:   0%|          | 0/16250 [00:00<?, ?it/s]

Training:  22%|██▏       | 3571/16250 [47:49<2:20:43,  1.50it/s, loss=0.00116]slurmstepd: error: *** JOB 268329 ON node4-25 CANCELLED AT 2026-09-17T14:56:38 ***
