Loading dataset...
Starting training...

Epoch 1
Train Loss: 7.854464
Val MAE (µm): 21.7615
✓ Best model saved

Epoch 2
Train Loss: 3.521186
Val MAE (µm): 18.6022
✓ Best model saved

Epoch 3
Train Loss: 3.413713
Val MAE (µm): 19.5602

Epoch 4
Train Loss: 3.417757
Val MAE (µm): 7.7591
✓ Best model saved

Epoch 5
Train Loss: 3.387231
Val MAE (µm): 12.6418

Epoch 6
Train Loss: 3.328672
Val MAE (µm): 26.6105

Epoch 7
Train Loss: 3.273863
Val MAE (µm): 21.7090

Epoch 8
Train Loss: 3.235925
Val MAE (µm): 10.8381

Epoch 9
Train Loss: 3.217234
Val MAE (µm): 9.7905

Epoch 10
Train Loss: 3.163144
Val MAE (µm): 18.0129
Epoch 00010: reducing learning rate of group 0 to 2.5000e-04.

Epoch 11
Train Loss: 3.088667
Val MAE (µm): 7.0040
✓ Best model saved

Epoch 12
Train Loss: 3.065835
Val MAE (µm): 22.1217

Epoch 13
Train Loss: 3.063536
Val MAE (µm): 9.4360

Epoch 14
Train Loss: 3.034139
Val MAE (µm): 13.4273

Epoch 15
Train Loss: 3.023267
Val MAE (µm): 19.3430

Epoch 16
Train Loss: 3.013064
Val MAE (µm): 17.9667

Epoch 17
Train Loss: 2.988727
Val MAE (µm): 15.1478
Epoch 00017: reducing learning rate of group 0 to 1.2500e-04.

Epoch 18
Train Loss: 2.976276
Val MAE (µm): 15.8999

Epoch 19
Train Loss: 2.959135
Val MAE (µm): 24.1481

Epoch 20
Train Loss: 2.936677
Val MAE (µm): 17.6626

Epoch 21
Train Loss: 2.958413
Val MAE (µm): 11.3585

Epoch 22
Train Loss: 2.945512
Val MAE (µm): 18.4528

Epoch 23
Train Loss: 2.922696
Val MAE (µm): 12.2139
Epoch 00023: reducing learning rate of group 0 to 6.2500e-05.

Epoch 24
Train Loss: 2.910561
Val MAE (µm): 14.6996

Epoch 25
Train Loss: 2.911750
Val MAE (µm): 12.3911

Epoch 26
Train Loss: 2.900724
Val MAE (µm): 9.6581

Epoch 27
Train Loss: 2.915154
Val MAE (µm): 11.1236

Epoch 28
Train Loss: 2.896331
Val MAE (µm): 8.4889

Epoch 29
Train Loss: 2.921594
Val MAE (µm): 15.0765
Epoch 00029: reducing learning rate of group 0 to 3.1250e-05.

Epoch 30
Train Loss: 2.904099
Val MAE (µm): 9.8249

Epoch 31
Train Loss: 2.884829
Val MAE (µm): 11.0876

Epoch 32
Train Loss: 2.852124
Val MAE (µm): 13.5127

Epoch 33
Train Loss: 2.877979
Val MAE (µm): 11.8776

Epoch 34
Train Loss: 2.880986
Val MAE (µm): 10.6500

Epoch 35
Train Loss: 2.861392
Val MAE (µm): 12.1607
Epoch 00035: reducing learning rate of group 0 to 1.5625e-05.

Epoch 36
Train Loss: 2.888010
Val MAE (µm): 12.0092

Epoch 37
Train Loss: 2.871918
Val MAE (µm): 11.9567

Epoch 38
Train Loss: 2.884290
Val MAE (µm): 13.4269

Epoch 39
Train Loss: 2.882320
Val MAE (µm): 13.1632

Epoch 40
Train Loss: 2.879868
Val MAE (µm): 11.4518

Epoch 41
Train Loss: 2.900069
Val MAE (µm): 13.0259
Epoch 00041: reducing learning rate of group 0 to 7.8125e-06.

Epoch 42
Train Loss: 2.871414
Val MAE (µm): 12.2900

Epoch 43
Train Loss: 2.866903
Val MAE (µm): 10.4771

Epoch 44
Train Loss: 2.858513
Val MAE (µm): 12.1865

Epoch 45
Train Loss: 2.852474
Val MAE (µm): 11.8595

Epoch 46
Train Loss: 2.851106
Val MAE (µm): 10.4349

Epoch 47
Train Loss: 2.878473
Val MAE (µm): 12.3472
Epoch 00047: reducing learning rate of group 0 to 3.9063e-06.

Epoch 48
Train Loss: 2.868281
Val MAE (µm): 12.5305

Epoch 49
Train Loss: 2.874197
Val MAE (µm): 12.8048

Epoch 50
Train Loss: 2.858921
Val MAE (µm): 11.9676

Epoch 51
Train Loss: 2.866626
Val MAE (µm): 11.4859

Epoch 52
Train Loss: 2.850306
Val MAE (µm): 10.6890

Epoch 53
Train Loss: 2.869596
Val MAE (µm): 12.0013
Epoch 00053: reducing learning rate of group 0 to 1.9531e-06.

Epoch 54
Train Loss: 2.873111
Val MAE (µm): 11.7062

Epoch 55
Train Loss: 2.871927
Val MAE (µm): 11.5580

Epoch 56
Train Loss: 2.853285
Val MAE (µm): 12.1616

Epoch 57
Train Loss: 2.882988
Val MAE (µm): 11.9444

Epoch 58
Train Loss: 2.874597
Val MAE (µm): 11.8182

Epoch 59
Train Loss: 2.858496
Val MAE (µm): 12.1585
Epoch 00059: reducing learning rate of group 0 to 9.7656e-07.

Epoch 60
Train Loss: 2.869844
Val MAE (µm): 12.8737

Epoch 61
Train Loss: 2.872678
Val MAE (µm): 13.2548

Early stopping triggered.
Best MAE: 7.0040 µm
Training finished.
