
Epoch 1
train_fft_8patch_256.py:204: UserWarning: Specified kernel cache directory could not be created! This disables kernel caching. Specified directory is /Home/Users/celachkar/.cache/torch/kernels. This warning will appear only once per process. (Triggered internally at ../aten/src/ATen/native/cuda/jit_utils.cpp:1442.)
  mag = torch.log1p(torch.abs(fft))
Train Loss: 0.046162 | Val MAE (µm): 3.9769
✓ Best model saved

Epoch 2
Train Loss: 0.019955 | Val MAE (µm): 3.0205
✓ Best model saved

Epoch 3
Train Loss: 0.016159 | Val MAE (µm): 3.8040

Epoch 4
Train Loss: 0.015138 | Val MAE (µm): 2.7486
✓ Best model saved

Epoch 5
Train Loss: 0.014377 | Val MAE (µm): 3.3757

Epoch 6
Train Loss: 0.014054 | Val MAE (µm): 2.6678
✓ Best model saved

Epoch 7
Train Loss: 0.013622 | Val MAE (µm): 2.9208

Epoch 8
Train Loss: 0.013294 | Val MAE (µm): 3.0212

Epoch 9
Train Loss: 0.013054 | Val MAE (µm): 3.0127

Epoch 10
Train Loss: 0.012985 | Val MAE (µm): 3.0613
Epoch 00010: reducing learning rate of group 0 to 1.5000e-04.

Epoch 11
Train Loss: 0.011631 | Val MAE (µm): 2.5770
✓ Best model saved

Epoch 12
Train Loss: 0.011561 | Val MAE (µm): 2.6928

Epoch 13
Train Loss: 0.011507 | Val MAE (µm): 2.5421
✓ Best model saved

Epoch 14
Train Loss: 0.011329 | Val MAE (µm): 3.4283

Epoch 15
Train Loss: 0.011207 | Val MAE (µm): 3.2377

Epoch 16
Train Loss: 0.011207 | Val MAE (µm): 2.8621

Epoch 17
Train Loss: 0.011142 | Val MAE (µm): 3.1235
Epoch 00017: reducing learning rate of group 0 to 7.5000e-05.

Epoch 18
Train Loss: 0.010454 | Val MAE (µm): 3.1026

Epoch 19
Train Loss: 0.010340 | Val MAE (µm): 2.9769

Epoch 20
Train Loss: 0.010378 | Val MAE (µm): 3.1349

Epoch 21
Train Loss: 0.010360 | Val MAE (µm): 2.7922
Epoch 00021: reducing learning rate of group 0 to 3.7500e-05.

Epoch 22
Train Loss: 0.009907 | Val MAE (µm): 2.7111

Epoch 23
Train Loss: 0.009881 | Val MAE (µm): 2.9912

Epoch 24
Train Loss: 0.009760 | Val MAE (µm): 2.8219

Epoch 25
Train Loss: 0.009825 | Val MAE (µm): 2.6297
Epoch 00025: reducing learning rate of group 0 to 1.8750e-05.

Epoch 26
Train Loss: 0.009568 | Val MAE (µm): 2.8393

Epoch 27
Train Loss: 0.009498 | Val MAE (µm): 2.9443

Epoch 28
Train Loss: 0.009543 | Val MAE (µm): 2.8419

Epoch 29
Train Loss: 0.009486 | Val MAE (µm): 3.2413
Epoch 00029: reducing learning rate of group 0 to 9.3750e-06.

Epoch 30
Train Loss: 0.009396 | Val MAE (µm): 2.9041

Epoch 31
Train Loss: 0.009342 | Val MAE (µm): 2.9450

Epoch 32
Train Loss: 0.009368 | Val MAE (µm): 2.8399

Epoch 33
Train Loss: 0.009383 | Val MAE (µm): 2.8099
Epoch 00033: reducing learning rate of group 0 to 4.6875e-06.

Epoch 34
Train Loss: 0.009268 | Val MAE (µm): 2.8301

Epoch 35
Train Loss: 0.009234 | Val MAE (µm): 2.9536

Epoch 36
Train Loss: 0.009291 | Val MAE (µm): 2.9001

Epoch 37
Train Loss: 0.009254 | Val MAE (µm): 3.0178
Epoch 00037: reducing learning rate of group 0 to 2.3437e-06.

Epoch 38
Train Loss: 0.009216 | Val MAE (µm): 3.0301

Epoch 39
Train Loss: 0.009265 | Val MAE (µm): 2.9050

Epoch 40
Train Loss: 0.009191 | Val MAE (µm): 2.9459

Epoch 41
Train Loss: 0.009229 | Val MAE (µm): 2.9168
Epoch 00041: reducing learning rate of group 0 to 1.1719e-06.

Epoch 42
Train Loss: 0.009189 | Val MAE (µm): 2.9684

Epoch 43
Train Loss: 0.009128 | Val MAE (µm): 2.8597

Epoch 44
Train Loss: 0.009222 | Val MAE (µm): 2.8836

Epoch 45
Train Loss: 0.009189 | Val MAE (µm): 2.8773
Epoch 00045: reducing learning rate of group 0 to 5.8594e-07.

Epoch 46
Train Loss: 0.009199 | Val MAE (µm): 2.9532

Epoch 47
Train Loss: 0.009231 | Val MAE (µm): 2.9294

Epoch 48
Train Loss: 0.009184 | Val MAE (µm): 2.9793

Epoch 49
Train Loss: 0.009219 | Val MAE (µm): 2.9261
Epoch 00049: reducing learning rate of group 0 to 2.9297e-07.

Epoch 50
Train Loss: 0.009248 | Val MAE (µm): 2.9153
