
===========================================================================
HoloNet TEST INFERENCE
===========================================================================
Device:              cuda
Model:               best_model_fft_unal_final.pth
Patch size:          256
Patches/image:      64

Training Z normalization:
  Z mean = 2340.97374543
  Z std  = 947.90809665

Number of test images: 266
Model loaded successfully.

Image | Z_GT | Z_pred | Abs Error | Time(s)
--------------------------------------------------------------------------------
infer_fft_unal_final.py:252: UserWarning: Specified kernel cache directory could not be created! This disables kernel caching. Specified directory is /Home/Users/celachkar/.cache/torch/kernels. This warning will appear only once per process. (Triggered internally at ../aten/src/ATen/native/cuda/jit_utils.cpp:1442.)
  torch.abs(fft)
Ob4z15H12.png | 3120.000 | 2845.313 | 274.687 | 2.7302
Ob10z3H5.png | 990.000 | 2403.375 | 1413.375 | 0.0451
Ob6z1H2.png | 2380.000 | 2815.059 | 435.059 | 0.0451
Ob1z14H2.png | 1480.000 | 1863.584 | 383.584 | 0.0450
Ob2z8H11.png | 540.000 | 2281.554 | 1741.554 | 0.0387
Ob7z3H4.png | 2570.000 | 3002.453 | 432.453 | 0.0334
Ob2z4H4.png | 420.000 | 2256.096 | 1836.096 | 0.0334
Ob4z13H3.png | 3010.000 | 2680.744 | 329.256 | 0.0333
Ob9z7H11.png | 2740.000 | 2671.302 | 68.698 | 0.0332
Ob6z20H8.png | 3370.000 | 2762.200 | 607.800 | 0.0333
Ob7z3H6.png | 2570.000 | 2941.042 | 371.042 | 0.0332
Ob5z13H2.png | 3030.000 | 2442.702 | 587.298 | 0.0332
Ob7z17H8.png | 3300.000 | 2837.028 | 462.972 | 0.0333
Ob3z27H2.png | 2310.000 | 1776.615 | 533.385 | 0.0332
Ob7z16H4.png | 3230.000 | 2741.832 | 488.168 | 0.0332
Ob1z3H9.png | 950.000 | 1972.949 | 1022.949 | 0.0333
Ob9z2H12.png | 2570.000 | 2621.508 | 51.508 | 0.0333
Ob5z8H5.png | 2770.000 | 2609.650 | 160.350 | 0.0332
Ob3z25H6.png | 2230.000 | 1796.421 | 433.579 | 0.0331
Ob4z18H1.png | 3270.000 | 2869.020 | 400.980 | 0.0332
Ob1z5H5.png | 1070.000 | 1485.900 | 415.900 | 0.0332
Ob3z22H3.png | 2070.000 | 2164.145 | 94.145 | 0.0331
Ob8z7H6.png | 1420.000 | 2380.279 | 960.279 | 0.0332
Ob6z24H5.png | 3560.000 | 2628.810 | 931.190 | 0.0336
Ob3z12H4.png | 1560.000 | 1919.155 | 359.155 | 0.0331
Ob1z15H3.png | 1530.000 | 1913.805 | 383.805 | 0.0331
Ob4z10H12.png | 2850.000 | 3040.459 | 190.459 | 0.0332
Ob8z16H7.png | 1900.000 | 2156.974 | 256.974 | 0.0332
Ob9z6H1.png | 2710.000 | 2694.984 | 15.016 | 0.0331
Ob9z24H6.png | 3330.000 | 2756.518 | 573.482 | 0.0333
Ob2z17H10.png | 790.000 | 2129.347 | 1339.347 | 0.0332
Ob5z4H11.png | 2570.000 | 2577.549 | 7.549 | 0.0331
Ob3z28H11.png | 2380.000 | 1867.344 | 512.656 | 0.0333
Ob4z4H6.png | 2550.000 | 2446.716 | 103.284 | 0.0335
Ob9z6H8.png | 2710.000 | 2882.383 | 172.383 | 0.0332
Ob3z20H6.png | 1960.000 | 1988.266 | 28.266 | 0.0333
Ob10z16H7.png | 1630.000 | 2292.727 | 662.727 | 0.0333
Ob6z18H5.png | 3260.000 | 2858.133 | 401.867 | 0.0331
Ob1z3H7.png | 950.000 | 1727.871 | 777.871 | 0.0331
Ob4z4H4.png | 2550.000 | 3039.206 | 489.206 | 0.0332
Ob8z21H2.png | 2150.000 | 2246.404 | 96.404 | 0.0335
Ob2z20H3.png | 890.000 | 2153.138 | 1263.138 | 0.0331
Ob7z10H11.png | 2930.000 | 2852.766 | 77.234 | 0.0335
Ob10z20H7.png | 1830.000 | 1973.403 | 143.403 | 0.0333
Ob2z8H1.png | 540.000 | 2055.422 | 1515.422 | 0.0331
Ob4z14H9.png | 3070.000 | 2507.599 | 562.401 | 0.0331
Ob4z23H3.png | 3470.000 | 2951.174 | 518.826 | 0.0332
Ob1z17H5.png | 1630.000 | 1667.686 | 37.686 | 0.0332
Ob5z14H9.png | 3080.000 | 2414.616 | 665.384 | 0.0331
Ob3z2H10.png | 1060.000 | 2278.387 | 1218.387 | 0.0332
Ob6z19H8.png | 3320.000 | 2994.667 | 325.333 | 0.0333
Ob10z2H12.png | 960.000 | 2270.407 | 1310.407 | 0.0331
Ob1z7H5.png | 1150.000 | 1596.051 | 446.051 | 0.0331
Ob2z15H12.png | 750.000 | 2162.185 | 1412.185 | 0.0332
Ob2z10H8.png | 590.000 | 2340.117 | 1750.117 | 0.0331
Ob1z12H8.png | 1390.000 | 2123.913 | 733.913 | 0.0331
Ob2z22H3.png | 950.000 | 2348.976 | 1398.976 | 0.0335
Ob4z14H5.png | 3070.000 | 2696.677 | 373.323 | 0.0334
Ob1z8H5.png | 1190.000 | 1492.166 | 302.166 | 0.0332
Ob7z6H8.png | 2740.000 | 2999.600 | 259.600 | 0.0331
Ob9z1H9.png | 2500.000 | 2638.017 | 138.017 | 0.0333
Ob8z9H11.png | 1530.000 | 2263.851 | 733.851 | 0.0332
Ob7z9H1.png | 2900.000 | 2839.649 | 60.351 | 0.0332
Ob3z3H10.png | 1120.000 | 2231.147 | 1111.147 | 0.0332
Ob5z12H4.png | 2990.000 | 2498.818 | 491.182 | 0.0333
Ob1z5H4.png | 1070.000 | 1581.668 | 511.668 | 0.0332
Ob1z13H9.png | 1440.000 | 2179.570 | 739.570 | 0.0332
Ob10z15H10.png | 1570.000 | 2215.677 | 645.677 | 0.0333
Ob5z30H11.png | 3950.000 | 2385.526 | 1564.474 | 0.0331
Ob5z25H1.png | 3660.000 | 2517.681 | 1142.319 | 0.0331
Ob3z19H2.png | 1900.000 | 2202.614 | 302.614 | 0.0332
Ob9z6H10.png | 2710.000 | 2906.167 | 196.167 | 0.0332
Ob5z24H12.png | 3620.000 | 2647.589 | 972.411 | 0.0331
Ob4z2H9.png | 2430.000 | 2344.449 | 85.551 | 0.0335
Ob8z29H2.png | 2570.000 | 2093.411 | 476.589 | 0.0333
Ob5z9H11.png | 2830.000 | 2536.296 | 293.704 | 0.0331
Ob10z27H3.png | 2170.000 | 1912.301 | 257.699 | 0.0333
Ob3z8H6.png | 1350.000 | 2163.310 | 813.310 | 0.0332
Ob2z18H3.png | 830.000 | 2238.750 | 1408.750 | 0.0332
Ob3z4H5.png | 1150.000 | 2307.932 | 1157.932 | 0.0333
Ob7z8H5.png | 2830.000 | 2724.182 | 105.818 | 0.0331
Ob6z29H1.png | 3850.000 | 2883.342 | 966.658 | 0.0331
Ob2z8H7.png | 540.000 | 2134.757 | 1594.757 | 0.0332
Ob5z16H10.png | 3210.000 | 2525.984 | 684.016 | 0.0335
Ob1z23H11.png | 1960.000 | 1823.364 | 136.636 | 0.0331
Ob5z6H4.png | 2680.000 | 2601.808 | 78.192 | 0.0331
Ob1z17H12.png | 1630.000 | 1713.168 | 83.168 | 0.0332
Ob5z21H2.png | 3430.000 | 2466.508 | 963.492 | 0.0331
Ob8z11H12.png | 1660.000 | 2351.797 | 691.797 | 0.0331
Ob9z24H11.png | 3330.000 | 2780.279 | 549.721 | 0.0332
Ob5z3H1.png | 2520.000 | 2637.551 | 117.551 | 0.0333
Ob4z22H12.png | 3420.000 | 2835.344 | 584.656 | 0.0331
Ob7z28H2.png | 3950.000 | 2744.111 | 1205.889 | 0.0331
Ob5z22H5.png | 3520.000 | 2703.111 | 816.889 | 0.0333
Ob2z17H12.png | 790.000 | 2064.136 | 1274.136 | 0.0331
Ob5z22H7.png | 3520.000 | 2303.039 | 1216.961 | 0.0331
Ob3z7H9.png | 1310.000 | 2184.422 | 874.422 | 0.0332
Ob6z4H3.png | 2550.000 | 2763.567 | 213.567 | 0.0332
Ob5z18H9.png | 3310.000 | 2474.985 | 835.015 | 0.0331
Ob8z23H2.png | 2270.000 | 2230.108 | 39.892 | 0.0332
Ob1z2H3.png | 910.000 | 1733.840 | 823.840 | 0.0332
Ob7z1H9.png | 2450.000 | 2735.700 | 285.700 | 0.0331
Ob1z16H9.png | 1580.000 | 1933.514 | 353.514 | 0.0330
Ob7z6H6.png | 2740.000 | 2953.256 | 213.256 | 0.0333
Ob3z12H8.png | 1560.000 | 1832.471 | 272.471 | 0.0331
Ob1z22H3.png | 1910.000 | 1668.419 | 241.581 | 0.0333
Ob9z6H6.png | 2710.000 | 2629.704 | 80.296 | 0.0332
Ob5z5H7.png | 2630.000 | 2634.547 | 4.547 | 0.0332
Ob1z21H8.png | 1870.000 | 1699.765 | 170.235 | 0.0331
Ob9z20H6.png | 3180.000 | 2797.905 | 382.095 | 0.0332
Ob8z4H1.png | 1300.000 | 2363.388 | 1063.388 | 0.0332
Ob7z23H7.png | 3650.000 | 2887.990 | 762.010 | 0.0331
Ob5z14H10.png | 3080.000 | 2429.894 | 650.106 | 0.0331
Ob2z21H7.png | 920.000 | 2090.158 | 1170.158 | 0.0332
Ob3z11H11.png | 1500.000 | 2023.687 | 523.687 | 0.0332
Ob6z5H8.png | 2570.000 | 2887.533 | 317.533 | 0.0331
Ob5z25H5.png | 3660.000 | 2619.492 | 1040.508 | 0.0331
Ob5z18H11.png | 3310.000 | 2462.773 | 847.227 | 0.0332
Ob8z18H4.png | 1980.000 | 2153.130 | 173.130 | 0.0331
Ob7z3H1.png | 2570.000 | 2988.507 | 418.507 | 0.0331
Ob3z20H8.png | 1960.000 | 1843.009 | 116.991 | 0.0333
Ob1z6H2.png | 1100.000 | 1500.812 | 400.812 | 0.0331
Ob9z28H11.png | 3430.000 | 2811.088 | 618.912 | 0.0331
Ob8z18H10.png | 1980.000 | 2151.487 | 171.487 | 0.0333
Ob1z4H9.png | 1000.000 | 2090.478 | 1090.478 | 0.0332
Ob6z2H9.png | 2420.000 | 2794.251 | 374.251 | 0.0331
Ob10z26H5.png | 2150.000 | 1969.782 | 180.218 | 0.0332
Ob1z10H2.png | 1290.000 | 1802.944 | 512.944 | 0.0333
Ob2z8H8.png | 540.000 | 2327.961 | 1787.961 | 0.0331
Ob7z14H4.png | 3110.000 | 2472.364 | 637.636 | 0.0331
Ob1z24H8.png | 2020.000 | 1960.292 | 59.708 | 0.0332
Ob1z22H6.png | 1910.000 | 1741.202 | 168.798 | 0.0331
Ob8z26H7.png | 2430.000 | 2132.229 | 297.771 | 0.0331
Ob6z9H6.png | 2780.000 | 2874.734 | 94.734 | 0.0332
Ob8z27H3.png | 2470.000 | 2060.481 | 409.519 | 0.0333
Ob2z6H8.png | 470.000 | 2132.005 | 1662.005 | 0.0333
Ob3z8H9.png | 1350.000 | 1926.074 | 576.074 | 0.0332
Ob8z16H6.png | 1900.000 | 2095.379 | 195.379 | 0.0333
Ob10z18H5.png | 1730.000 | 2253.484 | 523.484 | 0.0331
Ob8z13H8.png | 1750.000 | 2213.600 | 463.600 | 0.0331
Ob6z8H1.png | 2720.000 | 2938.649 | 218.649 | 0.0333
Ob4z15H1.png | 3120.000 | 3017.076 | 102.924 | 0.0333
Ob6z6H4.png | 2630.000 | 3005.995 | 375.995 | 0.0331
Ob10z15H2.png | 1570.000 | 2243.786 | 673.786 | 0.0333
Ob6z2H5.png | 2420.000 | 2571.802 | 151.802 | 0.0331
Ob6z5H2.png | 2570.000 | 2903.460 | 333.460 | 0.0333
Ob2z14H8.png | 720.000 | 2107.635 | 1387.635 | 0.0332
Ob4z20H9.png | 3360.000 | 2661.624 | 698.376 | 0.0333
Ob2z5H7.png | 440.000 | 2044.401 | 1604.401 | 0.0331
Ob3z5H10.png | 1200.000 | 2018.390 | 818.390 | 0.0332
Ob9z22H7.png | 3270.000 | 2847.322 | 422.678 | 0.0333
Ob9z30H1.png | 3500.000 | 2893.461 | 606.539 | 0.0331
Ob5z18H6.png | 3310.000 | 2631.600 | 678.400 | 0.0331
Ob5z2H6.png | 2480.000 | 2458.631 | 21.369 | 0.0334
Ob4z7H7.png | 2700.000 | 2517.206 | 182.794 | 0.0332
Ob5z30H10.png | 3950.000 | 2502.852 | 1447.148 | 0.0331
Ob9z27H12.png | 3400.000 | 2824.782 | 575.218 | 0.0332
Ob7z17H10.png | 3300.000 | 2997.701 | 302.299 | 0.0333
Ob10z17H10.png | 1680.000 | 2335.490 | 655.490 | 0.0331
Ob2z1H11.png | 330.000 | 2088.921 | 1758.921 | 0.0332
Ob1z17H1.png | 1630.000 | 1784.875 | 154.875 | 0.0333
Ob1z3H3.png | 950.000 | 1429.651 | 479.651 | 0.0331
Ob5z1H11.png | 2410.000 | 2679.393 | 269.393 | 0.0331
Ob7z7H8.png | 2760.000 | 2902.256 | 142.256 | 0.0332
Ob7z23H8.png | 3650.000 | 2913.310 | 736.690 | 0.0333
Ob9z11H2.png | 2870.000 | 2832.203 | 37.797 | 0.0331
Ob7z22H8.png | 3580.000 | 2835.460 | 744.540 | 0.0332
Ob1z27H3.png | 2160.000 | 2059.528 | 100.472 | 0.0333
Ob5z16H5.png | 3210.000 | 2580.494 | 629.506 | 0.0331
Ob9z15H9.png | 3010.000 | 2857.270 | 152.730 | 0.0332
Ob10z30H10.png | 2340.000 | 1901.489 | 438.511 | 0.0332
Ob6z17H10.png | 3200.000 | 2926.695 | 273.305 | 0.0331
Ob5z6H9.png | 2680.000 | 2417.750 | 262.250 | 0.0332
Ob6z30H5.png | 3890.000 | 2823.092 | 1066.908 | 0.0333
Ob5z24H4.png | 3620.000 | 2539.778 | 1080.222 | 0.0331
Ob1z6H11.png | 1100.000 | 1819.923 | 719.923 | 0.0332
Ob8z2H2.png | 1150.000 | 2082.537 | 932.537 | 0.0333
Ob10z10H5.png | 1370.000 | 2103.474 | 733.474 | 0.0331
Ob6z1H8.png | 2380.000 | 2656.515 | 276.515 | 0.0332
Ob1z19H3.png | 1720.000 | 2000.548 | 280.548 | 0.0331
Ob5z16H6.png | 3210.000 | 2502.424 | 707.576 | 0.0330
Ob10z28H1.png | 2250.000 | 2002.400 | 247.600 | 0.0332
Ob1z25H11.png | 2060.000 | 1743.378 | 316.622 | 0.0331
Ob3z18H6.png | 1860.000 | 1896.787 | 36.787 | 0.0331
Ob6z6H6.png | 2630.000 | 2943.706 | 313.706 | 0.0332
Ob1z12H3.png | 1390.000 | 1697.860 | 307.860 | 0.0332
Ob3z29H4.png | 2450.000 | 2109.564 | 340.436 | 0.0331
Ob3z1H9.png | 1020.000 | 2111.023 | 1091.023 | 0.0332
Ob2z27H11.png | 1120.000 | 2711.200 | 1591.200 | 0.0332
Ob3z5H2.png | 1200.000 | 2372.204 | 1172.204 | 0.0331
Ob8z11H7.png | 1660.000 | 2234.777 | 574.777 | 0.0332
Ob2z25H7.png | 1080.000 | 2520.519 | 1440.519 | 0.0334
Ob6z6H1.png | 2630.000 | 2853.435 | 223.435 | 0.0331
Ob9z25H9.png | 3350.000 | 2871.379 | 478.621 | 0.0332
Ob5z26H3.png | 3720.000 | 2488.096 | 1231.904 | 0.0333
Ob7z28H3.png | 3950.000 | 2750.875 | 1199.125 | 0.0331
Ob10z7H5.png | 1190.000 | 1973.764 | 783.764 | 0.0332
Ob9z10H9.png | 2840.000 | 2896.393 | 56.393 | 0.0333
Ob6z25H5.png | 3620.000 | 3050.109 | 569.891 | 0.0331
Ob2z9H7.png | 570.000 | 2103.855 | 1533.855 | 0.0332
Ob10z27H9.png | 2170.000 | 1908.342 | 261.658 | 0.0332
Ob3z15H1.png | 1720.000 | 1919.300 | 199.300 | 0.0331
Ob6z19H10.png | 3320.000 | 2971.330 | 348.670 | 0.0332
Ob2z23H10.png | 1020.000 | 2424.291 | 1404.291 | 0.0331
Ob5z30H2.png | 3950.000 | 2385.401 | 1564.599 | 0.0331
Ob1z15H12.png | 1530.000 | 1880.571 | 350.571 | 0.0332
Ob10z13H11.png | 1470.000 | 2184.705 | 714.705 | 0.0332
Ob8z28H7.png | 2520.000 | 2127.371 | 392.629 | 0.0332
Ob3z1H8.png | 1020.000 | 2358.264 | 1338.264 | 0.0332
Ob2z6H3.png | 470.000 | 2200.407 | 1730.407 | 0.0332
Ob1z20H11.png | 1770.000 | 2028.057 | 258.057 | 0.0331
Ob5z9H4.png | 2830.000 | 2555.198 | 274.802 | 0.0332
Ob5z27H9.png | 3770.000 | 2677.653 | 1092.347 | 0.0332
Ob7z26H12.png | 3850.000 | 2824.382 | 1025.618 | 0.0332
Ob10z4H9.png | 1040.000 | 2026.930 | 986.930 | 0.0332
Ob7z30H6.png | 4050.000 | 2758.563 | 1291.437 | 0.0331
Ob3z29H11.png | 2450.000 | 2231.768 | 218.232 | 0.0331
Ob4z4H7.png | 2550.000 | 2600.354 | 50.354 | 0.0332
Ob7z8H8.png | 2830.000 | 2960.818 | 130.818 | 0.0331
Ob4z27H1.png | 3610.000 | 2940.896 | 669.104 | 0.0332
Ob10z27H7.png | 2170.000 | 2047.963 | 122.037 | 0.0333
Ob10z2H9.png | 960.000 | 2335.590 | 1375.590 | 0.0331
Ob1z23H7.png | 1960.000 | 1625.713 | 334.287 | 0.0332
Ob4z4H1.png | 2550.000 | 2691.129 | 141.129 | 0.0333
Ob2z6H1.png | 470.000 | 2003.149 | 1533.149 | 0.0331
Ob2z10H2.png | 590.000 | 2114.279 | 1524.279 | 0.0332
Ob1z13H1.png | 1440.000 | 2173.902 | 733.902 | 0.0333
Ob9z4H9.png | 2640.000 | 2739.959 | 99.959 | 0.0331
Ob2z13H10.png | 690.000 | 2200.776 | 1510.776 | 0.0332
Ob4z22H5.png | 3420.000 | 2681.108 | 738.892 | 0.0333
Ob8z10H9.png | 1570.000 | 2231.097 | 661.097 | 0.0331
Ob10z11H7.png | 1380.000 | 2213.887 | 833.887 | 0.0332
Ob7z22H12.png | 3580.000 | 2822.556 | 757.444 | 0.0333
Ob2z19H4.png | 860.000 | 2232.944 | 1372.944 | 0.0331
Ob6z22H1.png | 3480.000 | 2981.298 | 498.702 | 0.0332
Ob2z6H4.png | 470.000 | 2174.527 | 1704.527 | 0.0333
Ob1z27H10.png | 2160.000 | 1907.483 | 252.517 | 0.0331
Ob5z29H9.png | 3870.000 | 2687.603 | 1182.397 | 0.0332
Ob8z29H12.png | 2570.000 | 2107.888 | 462.112 | 0.0333
Ob6z28H12.png | 3780.000 | 2875.878 | 904.122 | 0.0331
Ob7z22H7.png | 3580.000 | 2935.283 | 644.717 | 0.0332
Ob3z19H6.png | 1900.000 | 2053.221 | 153.221 | 0.0331
Ob1z28H9.png | 2210.000 | 1870.336 | 339.664 | 0.0331
Ob7z30H7.png | 4050.000 | 2860.556 | 1189.444 | 0.0332
Ob1z9H7.png | 1240.000 | 1766.822 | 526.822 | 0.0332
Ob8z18H5.png | 1980.000 | 2101.281 | 121.281 | 0.0331
Ob9z5H9.png | 2690.000 | 2811.221 | 121.221 | 0.0332
Ob4z7H1.png | 2700.000 | 2968.419 | 268.419 | 0.0332
Ob10z17H5.png | 1680.000 | 2253.230 | 573.230 | 0.0331
Ob1z15H6.png | 1530.000 | 1518.525 | 11.475 | 0.0332
Ob3z10H8.png | 1460.000 | 2156.970 | 696.970 | 0.0331
Ob7z5H12.png | 2680.000 | 3025.708 | 345.708 | 0.0331
Ob10z13H1.png | 1470.000 | 2345.032 | 875.032 | 0.0333
Ob1z6H4.png | 1100.000 | 1486.681 | 386.681 | 0.0332
Ob2z8H12.png | 540.000 | 2093.423 | 1553.423 | 0.0331
Ob7z3H12.png | 2570.000 | 3008.676 | 438.676 | 0.0332
Ob3z10H6.png | 1460.000 | 2203.541 | 743.541 | 0.0332
Ob4z9H1.png | 2810.000 | 2978.444 | 168.444 | 0.0330
Ob7z3H7.png | 2570.000 | 2975.835 | 405.835 | 0.0332
Ob4z27H2.png | 3610.000 | 2785.216 | 824.784 | 0.0333
Ob1z20H12.png | 1770.000 | 2119.103 | 349.103 | 0.0331
Ob9z3H1.png | 2610.000 | 2914.525 | 304.525 | 0.0331
Ob10z25H7.png | 2090.000 | 1938.317 | 151.683 | 0.0333
Ob8z29H8.png | 2570.000 | 2208.468 | 361.532 | 0.0331
Ob5z3H7.png | 2520.000 | 2381.482 | 138.518 | 0.0331
Ob1z7H9.png | 1150.000 | 1896.459 | 746.459 | 0.0332

===========================================================================
FINAL TEST RESULTS
===========================================================================
Test MAE:                 607.616939 µm
Test RMSE:                766.238368 µm
Test R²:                  0.374942
Test Median AE:           479.136022 µm
Test Bias:                146.678804 µm
Mean inference time:      0.043483 s/image
Median inference time:    0.033184 s/image

Prediction file:          test_predictions_fft_unal_final.csv
===========================================================================
