Loading dataset...
Starting training...

Epoch 1
Train Loss: 10.489256
Val MAE (µm): 3.3300
✓ Best model saved

Epoch 2
Train Loss: 3.942385
Val MAE (µm): 5.9210

Epoch 3
Train Loss: 3.865717
Val MAE (µm): 11.3487

Epoch 4
Train Loss: 3.811697
Val MAE (µm): 3.9841

Epoch 5
Train Loss: 3.770481
Val MAE (µm): 13.7540

Epoch 6
Train Loss: 3.697867
Val MAE (µm): 9.7594

Epoch 7
Train Loss: 3.644208
Val MAE (µm): 8.1886
Epoch 00007: reducing learning rate of group 0 to 2.5000e-04.

Epoch 8
Train Loss: 3.545268
Val MAE (µm): 7.8724

Epoch 9
Train Loss: 3.509951
Val MAE (µm): 5.3781

Epoch 10
Train Loss: 3.530866
Val MAE (µm): 5.0729

Epoch 11
Train Loss: 3.476613
Val MAE (µm): 7.4932

Epoch 12
Train Loss: 3.487735
Val MAE (µm): 5.6550

Epoch 13
Train Loss: 3.444095
Val MAE (µm): 7.0404
Epoch 00013: reducing learning rate of group 0 to 1.2500e-04.

Epoch 14
Train Loss: 3.423933
Val MAE (µm): 2.6587
✓ Best model saved

Epoch 15
Train Loss: 3.379430
Val MAE (µm): 5.1129

Epoch 16
Train Loss: 3.376715
Val MAE (µm): 4.6600

Epoch 17
Train Loss: 3.358439
Val MAE (µm): 4.9832

Epoch 18
Train Loss: 3.401368
Val MAE (µm): 3.5296

Epoch 19
Train Loss: 3.390625
Val MAE (µm): 3.2302

Epoch 20
Train Loss: 3.371296
Val MAE (µm): 4.8411
Epoch 00020: reducing learning rate of group 0 to 6.2500e-05.

Epoch 21
Train Loss: 3.375964
Val MAE (µm): 4.0402

Epoch 22
Train Loss: 3.339436
Val MAE (µm): 3.6866

Epoch 23
Train Loss: 3.317853
Val MAE (µm): 3.7562

Epoch 24
Train Loss: 3.322652
Val MAE (µm): 3.6241

Epoch 25
Train Loss: 3.372962
Val MAE (µm): 3.7000

Epoch 26
Train Loss: 3.366719
Val MAE (µm): 3.8656
Epoch 00026: reducing learning rate of group 0 to 3.1250e-05.

Epoch 27
Train Loss: 3.369963
Val MAE (µm): 3.4770

Epoch 28
Train Loss: 3.327978
Val MAE (µm): 3.5250

Epoch 29
Train Loss: 3.321181
Val MAE (µm): 3.6097

Epoch 30
Train Loss: 3.339720
Val MAE (µm): 3.5770

Epoch 31
Train Loss: 3.361935
Val MAE (µm): 2.7945

Epoch 32
Train Loss: 3.307581
Val MAE (µm): 3.4597
Epoch 00032: reducing learning rate of group 0 to 1.5625e-05.

Epoch 33
Train Loss: 3.324279
Val MAE (µm): 3.4668

Epoch 34
Train Loss: 3.306022
Val MAE (µm): 3.5577

Epoch 35
Train Loss: 3.288592
Val MAE (µm): 3.6133

Epoch 36
Train Loss: 3.337985
Val MAE (µm): 3.6046

Epoch 37
Train Loss: 3.320641
Val MAE (µm): 3.5132

Epoch 38
Train Loss: 3.311930
Val MAE (µm): 3.2093
Epoch 00038: reducing learning rate of group 0 to 7.8125e-06.

Epoch 39
Train Loss: 3.307187
Val MAE (µm): 3.3884

Epoch 40
Train Loss: 3.259906
Val MAE (µm): 3.5316

Epoch 41
Train Loss: 3.299110
Val MAE (µm): 3.2288

Epoch 42
Train Loss: 3.294128
Val MAE (µm): 3.2991

Epoch 43
Train Loss: 3.288666
Val MAE (µm): 3.3351

Epoch 44
Train Loss: 3.297060
Val MAE (µm): 3.0860
Epoch 00044: reducing learning rate of group 0 to 3.9063e-06.

Epoch 45
Train Loss: 3.350958
Val MAE (µm): 3.2395

Epoch 46
Train Loss: 3.290680
Val MAE (µm): 3.4411

Epoch 47
Train Loss: 3.276589
Val MAE (µm): 3.5661

Epoch 48
Train Loss: 3.342339
Val MAE (µm): 3.6460

Epoch 49
Train Loss: 3.313209
Val MAE (µm): 3.4752

Epoch 50
Train Loss: 3.287908
Val MAE (µm): 3.2771
Epoch 00050: reducing learning rate of group 0 to 1.9531e-06.

Epoch 51
Train Loss: 3.330068
Val MAE (µm): 3.4710

Epoch 52
Train Loss: 3.282266
Val MAE (µm): 3.2879

Epoch 53
Train Loss: 3.314386
Val MAE (µm): 3.4510

Epoch 54
Train Loss: 3.293694
Val MAE (µm): 3.6002

Epoch 55
Train Loss: 3.299787
Val MAE (µm): 3.4193

Epoch 56
Train Loss: 3.306114
Val MAE (µm): 3.4019
Epoch 00056: reducing learning rate of group 0 to 9.7656e-07.

Epoch 57
Train Loss: 3.287874
Val MAE (µm): 3.3803

Epoch 58
Train Loss: 3.311060
Val MAE (µm): 3.1224

Epoch 59
Train Loss: 3.283995
Val MAE (µm): 3.4347

Epoch 60
Train Loss: 3.293555
Val MAE (µm): 3.3918

Epoch 61
Train Loss: 3.287996
Val MAE (µm): 3.4142

Epoch 62
Train Loss: 3.283720
Val MAE (µm): 3.9232
Epoch 00062: reducing learning rate of group 0 to 4.8828e-07.

Epoch 63
Train Loss: 3.291458
Val MAE (µm): 3.5879

Epoch 64
Train Loss: 3.290529
Val MAE (µm): 3.2723

Early stopping triggered.
Best MAE: 2.6587 µm
Training finished.
